  [   0.0s] 📋 System Prompt: You are an autonomous software engineer working on
the supplied issue in the repository under /workspace. Produce a just...
  [   0.0s] 🎯 Task Prompt: You are evaluating a software engineering task for 
repository psf/requests.
  [   2.1s] 💭 (201 chars) "The goal is to enhance `super_len` to count encoded 
bytes for `str`.
I need to find where `super_len` is defined and how..."
  [   2.1s] 🔧 run_command grep -r "super_len" /workspace/src/requests
  [   2.2s]   → /workspace/src/requests/models.py:    super_len,
  [   3.8s] 💭 (193 chars) "`super_len` is defined in 
`/workspace/src/requests/utils.py` and used in 
`/workspace/src/requests/models.py`.

Let's exa..."
  [   3.8s] 📖 read_file (/workspace/src/requests/utils.py)
  [   3.9s]   ✓ {'status': 'ok', 'filepath': '/workspace/src/requests/utils.py',
'content': '"""\nrequests.utils\n~~~~~~~~~~~~~~\n\nThis…
  [   4.9s] 💭 (38 chars) "I need to see the rest of `super_len`."
  [   4.9s] 📖 read_file (/workspace/src/requests/utils.py)
  [   5.0s]   ✓ {'status': 'ok', 'filepath': '/workspace/src/requests/utils.py',
'content': '        else:\n            total_length = o…
  [  20.6s] 💭 (3305 chars) "The current implementation of `super_len` is:

```python
def super_len(o):
    total_length = None
    current_position ..."
  [  20.6s] 📖 read_file (/workspace/src/requests/models.py)
  [  20.7s]   ✓ {'status': 'ok', 'filepath': 
'/workspace/src/requests/models.py', 'content': 
'"""\nrequests.models\n~~~~~~~~~~~~~~~\n\nT…
  [  22.0s] 💭 (58 chars) "I need to find where `super_len` is called in 
`models.py`."
  [  22.0s] 🔧 run_command grep -n "super_len" /workspace/src/requests/models.py
  [  22.1s]   → 65:    super_len,
  [  23.6s] 💭 (46 chars) "Let's look at line 526 and 575 in `models.py`."
  [  23.6s] 📖 read_file (/workspace/src/requests/models.py)
  [  23.7s]   ✓ {'status': 'ok', 'filepath': 
'/workspace/src/requests/models.py', 'content': '                body = 
complexjson.dumps(j…
  [  28.9s] 💭 (726 chars) "In `prepare_content_length(self, body)`, 
`super_len(body)` is called.
If `body` is a `str`, `super_len` currently return..."
  [  28.9s] 🔧 run_command grep -n "prepare_content_length" 
/workspace/src/requests/models.py
  [  29.0s]   → 564:            self.prepare_content_length(body)
  [  31.0s] 💭 (106 chars) "Let's look at the context of line 564 and 608.

Line 564 is inside `prepare_body` (I assume). Let's check."
  [  31.0s] 📖 read_file (/workspace/src/requests/models.py)
  [  31.1s]   ✓ {'status': 'ok', 'filepath': 
'/workspace/src/requests/models.py', 'content': '                    # a failed 
`tell()` la…
  [  32.5s] 💭 (13 chars) "And line 608."
  [  32.5s] 📖 read_file (/workspace/src/requests/models.py)
  [  32.6s]   ✓ {'status': 'ok', 'filepath': 
'/workspace/src/requests/models.py', 'content': '\n        if auth:\n           
if isinsta…
  [  38.6s] 💭 (815 chars) "If `body` is a `str`, `super_len(body)` returns 
`len(body)`.
If `body` contains non-ASCII characters, `len(body)` is les..."
  [  38.6s] 📖 read_file (/workspace/src/requests/models.py)
  [  38.7s]   ✓ {'status': 'ok', 'filepath': 
'/workspace/src/requests/models.py', 'content': '        # Nottin\' on you.\n   
body =…
  [  46.1s] 💭 (1010 chars) "Yes, it encodes to UTF-8.

So if `super_len` is called with a `str`, it should probably encode it to UTF-8 
and return th..."
  [  46.1s] 📖 read_file (/workspace/src/requests/compat.py)
  [  46.2s]   ✓ {'status': 'ok', 'filepath': 
'/workspace/src/requests/compat.py', 'content': 
'"""\nrequests.compat\n~~~~~~~~~~~~~~~\n\nT…
  [  57.7s] 💭 (1179 chars) "In Python 3, `str` is unicode and `bytes` is bytes.
`basestring` is `(str, bytes)`.

If `o` is a `str` (unicode in Py3),..."
  [  57.7s] 📝 write_file (test_super_len.py, 16 lines)
  [  58.0s]   ✓ {'status': 'ok', 'filepath': 'test_super_len.py', 'size': 374}
  [  59.3s] 💭 (63 chars) "Now let's run it. I expect it to fail for the 
non-ASCII string."
  [  59.3s] 🔧 run_command python3 test_super_len.py
  [  59.6s]   → All tests passed!
  [  63.5s] 💭 (400 chars) "Wait, it passed? That's unexpected.
Let me check the current implementation of `super_len` again.

```python
def super_l..."
  [  63.5s] 🔧 run_command python3 -c "print(len('🚀'))"
  [  63.7s]   → 1
  [  69.9s] 💭 (753 chars) "Yes, `len('🚀')` is 1.
So `super_len("🚀")` should be 1.
But my test said:
```python
    # Non-ASCII string
    # '🚀' is 4..."
  [  69.9s] 📖 read_file (test_super_len.py)
  [  70.1s]   ✓ {'status': 'ok', 'filepath': 'test_super_len.py', 'content': 
'\nfrom requests.utils import super_len\n\ndef test_super_l…
  [  71.8s] 💭 (55 chars) "This is very strange. Let me try to run a simpler 
test."
  [  71.8s] 🔧 run_command python3 -c "from requests.utils import super_len; 
print(f'super_len(\"🚀\") = {su
  [  72.1s]   → super_len("🚀") = 4
  [  74.0s] 💭 (90 chars) "What?! `super_len("🚀")` is 4?
Let me read `super_len` in `utils.py` again. Very carefully."
  [  74.0s] 📖 read_file (/workspace/src/requests/utils.py)
  [  74.1s]   ✓ {'status': 'ok', 'filepath': '/workspace/src/requests/utils.py',
'content': '    elif hasattr(o, "len"):\n        total_…
  [  75.9s] 💭 (66 chars) "Wait, I missed the beginning of `super_len`. Let me 
read it again."
  [  75.9s] 📖 read_file (/workspace/src/requests/utils.py)
  [  76.1s]   ✓ {'status': 'ok', 'filepath': '/workspace/src/requests/utils.py',
'content': '    return d\n\n\ndef super_len(o):\n    to…
  [  78.8s] 💭 (233 chars) "It's exactly as I thought:
```python
    if hasattr(o, "__len__"):
        total_length = len(o)
```
So `super_len("🚀")`..."
  [  78.8s] 🔧 run_command python3 -c "print(type('🚀'), len('🚀'))"
  [  79.0s]   → <class 'str'> 1
  [  81.9s] 💭 (337 chars) "Okay, so `len('🚀')` is 1.
Then why did `super_len('🚀')` return 4?

Wait... I'm using `from requests.utils import super_l..."
  [  81.9s] 🔧 run_command python3 -c "import requests; 
print(requests.__file__)"
  [  82.2s]   → /usr/local/lib/python3.13/site-packages/requests/__init__.py
  [  84.7s] 💭 (162 chars) "YES! It's importing from site-packages.
I need to make sure I'm importing from `/workspace/src`.

I should add `/workspa..."
  [  84.7s] 🔧 run_command PYTHONPATH=/workspace/src python3 -c "from 
requests.utils import super_len; prin
  [  85.0s]   → super_len("🚀") = 1
  [ 113.9s] 💭 (4445 chars) "Aha! Now it's 1. That makes sense.

So the issue is real. `super_len` returns the number of characters for a string,
but..."
  [ 113.9s] 🔧 run_command grep -r "unicode" /workspace/src/requests
  [ 114.0s]   → /workspace/src/requests/_internal_utils.py:def 
unicode_is_ascii(u_string):
  [ 116.3s] 💭 (132 chars) "It seems `unicode` is used mostly in docstrings or 
in `unicode_is_ascii`.

Let's look at `unicode_is_ascii` in `_interna..."
  [ 116.3s] 📖 read_file (/workspace/src/requests/_internal_utils.py)
  [ 116.5s]   ✓ {'status': 'ok', 'filepath': 
'/workspace/src/requests/_internal_utils.py', 'content': 
'"""\nrequests._internal_utils\n~~…
  [ 131.6s] 💭 (1572 chars) "In `unicode_is_ascii`, it uses `assert 
isinstance(u_string, str)`.
And `str` is imported from `compat`.

So it seems `is..."
  [ 131.6s] ✏️ edit_file (/workspace/src/requests/utils.py)
  [ 131.9s]   ✓ {'status': 'ok', 'filepath': '/workspace/src/requests/utils.py',
'occurrences': 1, 'strategy': 'exact', 'diff': '--- a//…
  [ 133.3s] 💭 (29 chars) "Now let's run the test again."
  [ 133.3s] 🔧 run_command PYTHONPATH=/workspace/src python3 test_super_len.py
  [ 133.6s]   → All tests passed!
  [ 135.3s] 💭 (159 chars) "The tests pass.

Now I should check if I broke anything else.
I'll run the existing tests.
The problem statement mention..."
  [ 135.3s] 🔧 run_command cat Makefile
  [ 135.4s]   → .PHONY: docs
  [ 137.7s] 💭 (153 chars) "`make ci` runs `python -m pytest tests 
--junitxml=report.xml`.

Let's run the tests. I'll use `pytest` directly.
I need ..."
  [ 137.7s] 🔧 run_command PYTHONPATH=/workspace/src python3 -m pytest tests
  [ 174.2s]   → error (exit 0): 
  [ 185.3s] 💭 (1207 chars) "Wow, a lot of errors. But they seem to be related 
to `httpbin` fixture and recursive dependency, not my change.
`E recur..."
  [ 185.3s] 🔧 run_command rm test_super_len.py
  [ 185.4s]   🔧 
  [ 186.2s] 💭 (9 chars) "I'm done."
  [ 186.2s] 🤖 submit_patch
  [ 186.4s]   → submit_patch: {"status": "ok", "patch_size": 439, 
"files_changed": 1}
  [ 192.5s] 💭 (29 chars) "The patch has been submitted."
  [ 192.5s] ✅ Agent finished: The `super_len` function in 
`src/requests/utils.py` was previously using `len()` for string objects, which 
returns the number of characters rather than the number of encoded bytes. This 
led to incorre...
