Looking in links: /wheels
Obtaining file:///workspace
  Checking if build backend supports build_editable: started
  Checking if build backend supports build_editable: finished with status 'done'
  Preparing editable metadata (pyproject.toml): started
  Preparing editable metadata (pyproject.toml): finished with status 'done'
Building wheels for collected packages: requests
  Building editable for requests (pyproject.toml): started
  Building editable for requests (pyproject.toml): finished with status 'done'
  Created wheel for requests: filename=requests-2.31.0-0.editable-py3-none-any.whl size=6919 sha256=d01c46bf1541cc4a3a68c824f4df7015e2919720655746bb84db3aa1aa485656
  Stored in directory: /tmp/pip-ephem-wheel-cache-xm8p6f1o/wheels/bc/5e/68/a9184942e18dc0c23a13f0a1bb35f37a2e66637956a4dbcbff
Successfully built requests
Installing collected packages: requests
  Attempting uninstall: requests
    Found existing installation: requests 2.31.0
    Uninstalling requests-2.31.0:
      Successfully uninstalled requests-2.31.0
Successfully installed requests-2.31.0
WARNING: Ignoring invalid distribution -markdown-it-py (/usr/local/lib/python3.13/site-packages)
WARNING: Ignoring invalid distribution -sniffio (/usr/local/lib/python3.13/site-packages)
WARNING: Ignoring invalid distribution -werkzeug (/usr/local/lib/python3.13/site-packages)
WARNING: Ignoring invalid distribution -fastapi (/usr/local/lib/python3.13/site-packages)
WARNING: Ignoring invalid distribution -requests (/usr/local/lib/python3.13/site-packages)
WARNING: Ignoring invalid distribution -sqlmodel (/usr/local/lib/python3.13/site-packages)
WARNING: Ignoring invalid distribution -sqlalchemy (/usr/local/lib/python3.13/site-packages)
WARNING: Ignoring invalid distribution -pdm-backend (/usr/local/lib/python3.13/site-packages)
WARNING: Ignoring invalid distribution -hatchling (/usr/local/lib/python3.13/site-packages)
WARNING: Ignoring invalid distribution -packaging (/usr/local/lib/python3.13/site-packages)
WARNING: Ignoring invalid distribution -poetry-core (/usr/local/lib/python3.13/site-packages)
WARNING: Ignoring invalid distribution -httpx (/usr/local/lib/python3.13/site-packages)
WARNING: Ignoring invalid distribution -pydantic-core (/usr/local/lib/python3.13/site-packages)
WARNING: Ignoring invalid distribution -editables (/usr/local/lib/python3.13/site-packages)
WARNING: Ignoring invalid distribution -mdurl (/usr/local/lib/python3.13/site-packages)
WARNING: Ignoring invalid distribution -markupsafe (/usr/local/lib/python3.13/site-packages)
WARNING: Ignoring invalid distribution -flask (/usr/local/lib/python3.13/site-packages)
WARNING: Ignoring invalid distribution -certifi (/usr/local/lib/python3.13/site-packages)
WARNING: Ignoring invalid distribution -typing-extensions (/usr/local/lib/python3.13/site-packages)
WARNING: Ignoring invalid distribution -flit-core (/usr/local/lib/python3.13/site-packages)
WARNING: Ignoring invalid distribution -annotated-types (/usr/local/lib/python3.13/site-packages)
WARNING: Ignoring invalid distribution -tqdm (/usr/local/lib/python3.13/site-packages)
WARNING: Ignoring invalid distribution -urllib3 (/usr/local/lib/python3.13/site-packages)
WARNING: Ignoring invalid distribution -pygments (/usr/local/lib/python3.13/site-packages)
WARNING: Ignoring invalid distribution -typer (/usr/local/lib/python3.13/site-packages)
WARNING: Ignoring invalid distribution -starlette (/usr/local/lib/python3.13/site-packages)
WARNING: Ignoring invalid distribution -anyio (/usr/local/lib/python3.13/site-packages)
WARNING: Ignoring invalid distribution -httpcore (/usr/local/lib/python3.13/site-packages)
WARNING: Ignoring invalid distribution -pydantic (/usr/local/lib/python3.13/site-packages)
WARNING: Ignoring invalid distribution -rich (/usr/local/lib/python3.13/site-packages)
WARNING: Ignoring invalid distribution -click (/usr/local/lib/python3.13/site-packages)
WARNING: Ignoring invalid distribution -itsdangerous (/usr/local/lib/python3.13/site-packages)
WARNING: Ignoring invalid distribution -colorama (/usr/local/lib/python3.13/site-packages)
WARNING: Ignoring invalid distribution -charset-normalizer (/usr/local/lib/python3.13/site-packages)
WARNING: Ignoring invalid distribution -iniconfig (/usr/local/lib/python3.13/site-packages)
WARNING: Ignoring invalid distribution -jinja2 (/usr/local/lib/python3.13/site-packages)
WARNING: Ignoring invalid distribution -idna (/usr/local/lib/python3.13/site-packages)
WARNING: Ignoring invalid distribution -markdown-it-py (/usr/local/lib/python3.13/site-packages)
WARNING: Ignoring invalid distribution -sniffio (/usr/local/lib/python3.13/site-packages)
WARNING: Ignoring invalid distribution -werkzeug (/usr/local/lib/python3.13/site-packages)
WARNING: Ignoring invalid distribution -fastapi (/usr/local/lib/python3.13/site-packages)
WARNING: Ignoring invalid distribution -requests (/usr/local/lib/python3.13/site-packages)
WARNING: Ignoring invalid distribution -sqlmodel (/usr/local/lib/python3.13/site-packages)
WARNING: Ignoring invalid distribution -sqlalchemy (/usr/local/lib/python3.13/site-packages)
WARNING: Ignoring invalid distribution -pdm-backend (/usr/local/lib/python3.13/site-packages)
WARNING: Ignoring invalid distribution -hatchling (/usr/local/lib/python3.13/site-packages)
WARNING: Ignoring invalid distribution -packaging (/usr/local/lib/python3.13/site-packages)
WARNING: Ignoring invalid distribution -poetry-core (/usr/local/lib/python3.13/site-packages)
WARNING: Ignoring invalid distribution -httpx (/usr/local/lib/python3.13/site-packages)
WARNING: Ignoring invalid distribution -pydantic-core (/usr/local/lib/python3.13/site-packages)
WARNING: Ignoring invalid distribution -editables (/usr/local/lib/python3.13/site-packages)
WARNING: Ignoring invalid distribution -mdurl (/usr/local/lib/python3.13/site-packages)
WARNING: Ignoring invalid distribution -markupsafe (/usr/local/lib/python3.13/site-packages)
WARNING: Ignoring invalid distribution -flask (/usr/local/lib/python3.13/site-packages)
WARNING: Ignoring invalid distribution -certifi (/usr/local/lib/python3.13/site-packages)
WARNING: Ignoring invalid distribution -typing-extensions (/usr/local/lib/python3.13/site-packages)
WARNING: Ignoring invalid distribution -flit-core (/usr/local/lib/python3.13/site-packages)
WARNING: Ignoring invalid distribution -annotated-types (/usr/local/lib/python3.13/site-packages)
WARNING: Ignoring invalid distribution -tqdm (/usr/local/lib/python3.13/site-packages)
WARNING: Ignoring invalid distribution -urllib3 (/usr/local/lib/python3.13/site-packages)
WARNING: Ignoring invalid distribution -pygments (/usr/local/lib/python3.13/site-packages)
WARNING: Ignoring invalid distribution -typer (/usr/local/lib/python3.13/site-packages)
WARNING: Ignoring invalid distribution -starlette (/usr/local/lib/python3.13/site-packages)
WARNING: Ignoring invalid distribution -anyio (/usr/local/lib/python3.13/site-packages)
WARNING: Ignoring invalid distribution -httpcore (/usr/local/lib/python3.13/site-packages)
WARNING: Ignoring invalid distribution -pydantic (/usr/local/lib/python3.13/site-packages)
WARNING: Ignoring invalid distribution -rich (/usr/local/lib/python3.13/site-packages)
WARNING: Ignoring invalid distribution -click (/usr/local/lib/python3.13/site-packages)
WARNING: Ignoring invalid distribution -itsdangerous (/usr/local/lib/python3.13/site-packages)
WARNING: Ignoring invalid distribution -colorama (/usr/local/lib/python3.13/site-packages)
WARNING: Ignoring invalid distribution -charset-normalizer (/usr/local/lib/python3.13/site-packages)
WARNING: Ignoring invalid distribution -iniconfig (/usr/local/lib/python3.13/site-packages)
WARNING: Ignoring invalid distribution -jinja2 (/usr/local/lib/python3.13/site-packages)
WARNING: Ignoring invalid distribution -idna (/usr/local/lib/python3.13/site-packages)
  WARNING: Ignoring invalid distribution -markdown-it-py (/usr/local/lib/python3.13/site-packages)
  WARNING: Ignoring invalid distribution -sniffio (/usr/local/lib/python3.13/site-packages)
  WARNING: Ignoring invalid distribution -werkzeug (/usr/local/lib/python3.13/site-packages)
  WARNING: Ignoring invalid distribution -fastapi (/usr/local/lib/python3.13/site-packages)
  WARNING: Ignoring invalid distribution -requests (/usr/local/lib/python3.13/site-packages)
  WARNING: Ignoring invalid distribution -sqlmodel (/usr/local/lib/python3.13/site-packages)
  WARNING: Ignoring invalid distribution -sqlalchemy (/usr/local/lib/python3.13/site-packages)
  WARNING: Ignoring invalid distribution -pdm-backend (/usr/local/lib/python3.13/site-packages)
  WARNING: Ignoring invalid distribution -hatchling (/usr/local/lib/python3.13/site-packages)
    WARNING: Ignoring invalid distribution -markdown-it-py (/usr/local/lib/python3.13/site-packages)
    WARNING: Ignoring invalid distribution -sniffio (/usr/local/lib/python3.13/site-packages)
    WARNING: Ignoring invalid distribution -werkzeug (/usr/local/lib/python3.13/site-packages)
    WARNING: Ignoring invalid distribution -fastapi (/usr/local/lib/python3.13/site-packages)
    WARNING: Ignoring invalid distribution -requests (/usr/local/lib/python3.13/site-packages)
    WARNING: Ignoring invalid distribution -sqlmodel (/usr/local/lib/python3.13/site-packages)
    WARNING: Ignoring invalid distribution -sqlalchemy (/usr/local/lib/python3.13/site-packages)
    WARNING: Ignoring invalid distribution -pdm-backend (/usr/local/lib/python3.13/site-packages)
    WARNING: Ignoring invalid distribution -hatchling (/usr/local/lib/python3.13/site-packages)
WARNING: Ignoring invalid distribution -markdown-it-py (/usr/local/lib/python3.13/site-packages)
WARNING: Ignoring invalid distribution -sniffio (/usr/local/lib/python3.13/site-packages)
WARNING: Ignoring invalid distribution -werkzeug (/usr/local/lib/python3.13/site-packages)
WARNING: Ignoring invalid distribution -fastapi (/usr/local/lib/python3.13/site-packages)
WARNING: Ignoring invalid distribution -requests (/usr/local/lib/python3.13/site-packages)
WARNING: Ignoring invalid distribution -sqlmodel (/usr/local/lib/python3.13/site-packages)
WARNING: Ignoring invalid distribution -sqlalchemy (/usr/local/lib/python3.13/site-packages)
WARNING: Ignoring invalid distribution -pdm-backend (/usr/local/lib/python3.13/site-packages)
WARNING: Ignoring invalid distribution -hatchling (/usr/local/lib/python3.13/site-packages)
WARNING: Ignoring invalid distribution -packaging (/usr/local/lib/python3.13/site-packages)
WARNING: Ignoring invalid distribution -poetry-core (/usr/local/lib/python3.13/site-packages)
WARNING: Ignoring invalid distribution -httpx (/usr/local/lib/python3.13/site-packages)
WARNING: Ignoring invalid distribution -pydantic-core (/usr/local/lib/python3.13/site-packages)
WARNING: Ignoring invalid distribution -editables (/usr/local/lib/python3.13/site-packages)
WARNING: Ignoring invalid distribution -mdurl (/usr/local/lib/python3.13/site-packages)
WARNING: Ignoring invalid distribution -markupsafe (/usr/local/lib/python3.13/site-packages)
WARNING: Ignoring invalid distribution -flask (/usr/local/lib/python3.13/site-packages)
WARNING: Ignoring invalid distribution -certifi (/usr/local/lib/python3.13/site-packages)
WARNING: Ignoring invalid distribution -typing-extensions (/usr/local/lib/python3.13/site-packages)
WARNING: Ignoring invalid distribution -flit-core (/usr/local/lib/python3.13/site-packages)
WARNING: Ignoring invalid distribution -annotated-types (/usr/local/lib/python3.13/site-packages)
WARNING: Ignoring invalid distribution -tqdm (/usr/local/lib/python3.13/site-packages)
WARNING: Ignoring invalid distribution -urllib3 (/usr/local/lib/python3.13/site-packages)
WARNING: Ignoring invalid distribution -pygments (/usr/local/lib/python3.13/site-packages)
WARNING: Ignoring invalid distribution -typer (/usr/local/lib/python3.13/site-packages)
WARNING: Ignoring invalid distribution -starlette (/usr/local/lib/python3.13/site-packages)
WARNING: Ignoring invalid distribution -anyio (/usr/local/lib/python3.13/site-packages)
WARNING: Ignoring invalid distribution -httpcore (/usr/local/lib/python3.13/site-packages)
WARNING: Ignoring invalid distribution -pydantic (/usr/local/lib/python3.13/site-packages)
WARNING: Ignoring invalid distribution -rich (/usr/local/lib/python3.13/site-packages)
WARNING: Ignoring invalid distribution -click (/usr/local/lib/python3.13/site-packages)
WARNING: Ignoring invalid distribution -itsdangerous (/usr/local/lib/python3.13/site-packages)
WARNING: Ignoring invalid distribution -colorama (/usr/local/lib/python3.13/site-packages)
WARNING: Ignoring invalid distribution -charset-normalizer (/usr/local/lib/python3.13/site-packages)
WARNING: Ignoring invalid distribution -iniconfig (/usr/local/lib/python3.13/site-packages)
WARNING: Ignoring invalid distribution -jinja2 (/usr/local/lib/python3.13/site-packages)
WARNING: Ignoring invalid distribution -idna (/usr/local/lib/python3.13/site-packages)
WARNING: Running pip as the 'root' user can result in broken permissions and conflicting behaviour with the system package manager, possibly rendering your system unusable. It is recommended to use a virtual environment instead: https://pip.pypa.io/warnings/venv. Use the --root-user-action option if you know what you are doing and want to suppress this warning.
