#0 building with "desktop-linux" instance using docker driver

#1 [internal] load build definition from Dockerfile.p1-evaluator-http
#1 transferring dockerfile: 552B done
#1 DONE 0.0s

#2 [internal] load metadata for docker.io/library/zenithsync-r0-sandbox:20261008
#2 DONE 0.0s

#3 [internal] load .dockerignore
#3 transferring context: 2B done
#3 DONE 0.0s

#4 [1/4] FROM docker.io/library/zenithsync-r0-sandbox:20261008@sha256:14d857d591be7d1a7efc83ff1dcc87f83c96c764895b0986a45db0d8af5a8a46
#4 resolve docker.io/library/zenithsync-r0-sandbox:20261008@sha256:14d857d591be7d1a7efc83ff1dcc87f83c96c764895b0986a45db0d8af5a8a46 done
#4 DONE 0.0s

#5 [internal] load build context
#5 transferring context: 10.27MB 0.1s done
#5 DONE 0.1s

#6 [2/4] COPY artifacts/official/p1-evaluator-http-wheels /tmp/http-wheels
#6 DONE 0.1s

#7 [3/4] COPY requirements/evaluator-http-linux-py313.lock.txt /tmp/http.lock
#7 DONE 0.0s

#8 [4/4] RUN python -m pip install --no-index --find-links=/tmp/http-wheels --require-hashes -r /tmp/http.lock     && python -m pip check     && rm -rf /tmp/http-wheels /tmp/http.lock
#8 0.389 Looking in links: /tmp/http-wheels
#8 0.397 Processing /tmp/http-wheels/attrs-26.1.0-py3-none-any.whl (from -r /tmp/http.lock (line 1))
#8 0.402 Processing /tmp/http-wheels/blinker-1.9.0-py3-none-any.whl (from -r /tmp/http.lock (line 2))
#8 0.404 Processing /tmp/http-wheels/brotlicffi-1.2.0.2-cp39-abi3-manylinux2014_x86_64.manylinux_2_17_x86_64.manylinux_2_28_x86_64.whl (from -r /tmp/http.lock (line 3))
#8 0.412 Processing /tmp/http-wheels/cffi-2.1.1-cp313-cp313-manylinux2014_x86_64.manylinux_2_17_x86_64.whl (from -r /tmp/http.lock (line 4))
#8 0.414 Processing /tmp/http-wheels/click-8.5.0-py3-none-any.whl (from -r /tmp/http.lock (line 5))
#8 0.416 Processing /tmp/http-wheels/decorator-5.3.1-py3-none-any.whl (from -r /tmp/http.lock (line 6))
#8 0.418 Processing /tmp/http-wheels/flasgger-0.9.5-py2.py3-none-any.whl (from -r /tmp/http.lock (line 7))
#8 0.434 Processing /tmp/http-wheels/flask-3.1.3-py3-none-any.whl (from -r /tmp/http.lock (line 8))
#8 0.437 Processing /tmp/http-wheels/greenlet-3.2.5-cp313-cp313-manylinux2014_x86_64.manylinux_2_17_x86_64.whl (from -r /tmp/http.lock (line 9))
#8 0.441 Processing /tmp/http-wheels/httpbin-0.10.2-py2.py3-none-any.whl (from -r /tmp/http.lock (line 10))
#8 0.444 Requirement already satisfied: iniconfig==2.3.1 in /usr/local/lib/python3.13/site-packages (from -r /tmp/http.lock (line 11)) (2.3.1)
#8 0.445 Processing /tmp/http-wheels/itsdangerous-2.2.0-py3-none-any.whl (from -r /tmp/http.lock (line 12))
#8 0.447 Processing /tmp/http-wheels/jinja2-3.1.6-py3-none-any.whl (from -r /tmp/http.lock (line 13))
#8 0.449 Processing /tmp/http-wheels/jsonschema-4.26.0-py3-none-any.whl (from -r /tmp/http.lock (line 14))
#8 0.452 Processing /tmp/http-wheels/jsonschema_specifications-2025.9.1-py3-none-any.whl (from -r /tmp/http.lock (line 15))
#8 0.454 Processing /tmp/http-wheels/markupsafe-3.0.4-cp313-cp313-manylinux2014_x86_64.manylinux_2_17_x86_64.manylinux_2_28_x86_64.whl (from -r /tmp/http.lock (line 16))
#8 0.456 Processing /tmp/http-wheels/mistune-3.3.4-py3-none-any.whl (from -r /tmp/http.lock (line 17))
#8 0.458 Requirement already satisfied: packaging==26.3 in /usr/local/lib/python3.13/site-packages (from -r /tmp/http.lock (line 18)) (26.3)
#8 0.459 Requirement already satisfied: pluggy==1.6.0 in /usr/local/lib/python3.13/site-packages (from -r /tmp/http.lock (line 19)) (1.6.0)
#8 0.460 Processing /tmp/http-wheels/pycparser-3.1-py3-none-any.whl (from -r /tmp/http.lock (line 20))
#8 0.462 Requirement already satisfied: Pygments==2.21.0 in /usr/local/lib/python3.13/site-packages (from -r /tmp/http.lock (line 21)) (2.21.0)
#8 0.462 Requirement already satisfied: pytest==9.1.1 in /usr/local/lib/python3.13/site-packages (from -r /tmp/http.lock (line 22)) (9.1.1)
#8 0.463 Processing /tmp/http-wheels/pytest_httpbin-2.1.0-py3-none-any.whl (from -r /tmp/http.lock (line 23))
#8 0.465 Processing /tmp/http-wheels/pyyaml-6.0.3-cp313-cp313-manylinux2014_x86_64.manylinux_2_17_x86_64.manylinux_2_28_x86_64.whl (from -r /tmp/http.lock (line 24))
#8 0.469 Processing /tmp/http-wheels/referencing-0.37.0-py3-none-any.whl (from -r /tmp/http.lock (line 25))
#8 0.471 Processing /tmp/http-wheels/rpds_py-2026.9.1-cp313-cp313-manylinux_2_17_x86_64.manylinux2014_x86_64.whl (from -r /tmp/http.lock (line 26))
#8 0.475 Processing /tmp/http-wheels/six-1.17.0-py2.py3-none-any.whl (from -r /tmp/http.lock (line 27))
#8 0.477 Processing /tmp/http-wheels/werkzeug-3.1.8-py3-none-any.whl (from -r /tmp/http.lock (line 28))
#8 0.550 Installing collected packages: six, rpds-py, PyYAML, pycparser, mistune, MarkupSafe, itsdangerous, greenlet, decorator, click, blinker, attrs, Werkzeug, referencing, Jinja2, cffi, jsonschema-specifications, Flask, brotlicffi, jsonschema, flasgger, httpbin, pytest-httpbin
#8 1.181 
#8 1.185 Successfully installed Flask-3.1.3 Jinja2-3.1.6 MarkupSafe-3.0.4 PyYAML-6.0.3 Werkzeug-3.1.8 attrs-26.1.0 blinker-1.9.0 brotlicffi-1.2.0.2 cffi-2.1.1 click-8.5.0 decorator-5.3.1 flasgger-0.9.5 greenlet-3.2.5 httpbin-0.10.2 itsdangerous-2.2.0 jsonschema-4.26.0 jsonschema-specifications-2025.9.1 mistune-3.3.4 pycparser-3.1 pytest-httpbin-2.1.0 referencing-0.37.0 rpds-py-2026.9.1 six-1.17.0
#8 1.185 WARNING: Running pip as the 'root' user can result in broken permissions and conflicting behaviour with the system package manager, possibly rendering your system unusable. It is recommended to use a virtual environment instead: https://pip.pypa.io/warnings/venv. Use the --root-user-action option if you know what you are doing and want to suppress this warning.
#8 1.452 No broken requirements found.
#8 DONE 1.6s

#9 exporting to image
#9 exporting layers
#9 exporting layers 0.7s done
#9 exporting manifest sha256:a566787be8fc80647563b32c10724dff7821d69206ae0fd6272d707431bc6f6c done
#9 exporting config sha256:33a36d6842fcecc2e9e2c3510f41bdad2b663b005a1291ad268cb6fa9166fc9d done
#9 exporting attestation manifest sha256:723b7215c99e66e50b20e02f3a8f71b4819c5539901614427b389bad309015db done
#9 exporting manifest list sha256:af17cb3a97357dccde80baa81072b20d35aa77a3ce08f5a988b54c55aa722198 done
#9 naming to docker.io/library/zenithsync-p1-evaluator-http:20261008 done
#9 DONE 0.8s

View build details: docker-desktop://dashboard/build/desktop-linux/desktop-linux/26efkdvolctqc7qilj4lh2ort
