Collecting pytest-httpbin==2.1.0
  Downloading pytest_httpbin-2.1.0-py3-none-any.whl.metadata (2.3 kB)
Collecting httpbin==0.10.2
  Downloading httpbin-0.10.2-py2.py3-none-any.whl.metadata (6.2 kB)
Collecting pytest==9.1.1
  Using cached pytest-9.1.1-py3-none-any.whl.metadata (7.6 kB)
Collecting flask==3.1.3
  Downloading flask-3.1.3-py3-none-any.whl.metadata (3.2 kB)
Collecting werkzeug==3.1.8
  Downloading werkzeug-3.1.8-py3-none-any.whl.metadata (4.0 kB)
Collecting brotlicffi (from httpbin==0.10.2)
  Downloading brotlicffi-1.2.0.2-cp39-abi3-manylinux2014_x86_64.manylinux_2_17_x86_64.manylinux_2_28_x86_64.whl.metadata (7.0 kB)
Collecting decorator (from httpbin==0.10.2)
  Downloading decorator-5.3.1-py3-none-any.whl.metadata (3.9 kB)
Collecting flasgger (from httpbin==0.10.2)
  Downloading flasgger-0.9.5-py2.py3-none-any.whl.metadata (25 kB)
Collecting six (from httpbin==0.10.2)
  Using cached six-1.17.0-py2.py3-none-any.whl.metadata (1.7 kB)
Collecting greenlet>=3.0.0a1 (from httpbin==0.10.2)
  Downloading greenlet-3.2.5-cp313-cp313-manylinux2014_x86_64.manylinux_2_17_x86_64.whl.metadata (4.1 kB)
Collecting iniconfig>=1.0.1 (from pytest==9.1.1)
  Using cached iniconfig-2.3.1-py3-none-any.whl.metadata (2.8 kB)
Collecting packaging>=22 (from pytest==9.1.1)
  Using cached packaging-26.3-py3-none-any.whl.metadata (3.5 kB)
Collecting pluggy<2,>=1.5 (from pytest==9.1.1)
  Using cached pluggy-1.6.0-py3-none-any.whl.metadata (4.8 kB)
Collecting pygments>=2.7.2 (from pytest==9.1.1)
  Using cached pygments-2.21.0-py3-none-any.whl.metadata (2.5 kB)
Collecting blinker>=1.9.0 (from flask==3.1.3)
  Downloading blinker-1.9.0-py3-none-any.whl.metadata (1.6 kB)
Collecting click>=8.1.3 (from flask==3.1.3)
  Using cached click-8.5.0-py3-none-any.whl.metadata (2.6 kB)
Collecting itsdangerous>=2.2.0 (from flask==3.1.3)
  Downloading itsdangerous-2.2.0-py3-none-any.whl.metadata (1.9 kB)
Collecting jinja2>=3.1.2 (from flask==3.1.3)
  Using cached jinja2-3.1.6-py3-none-any.whl.metadata (2.9 kB)
Collecting markupsafe>=2.1.1 (from flask==3.1.3)
  Downloading markupsafe-3.0.4-cp313-cp313-manylinux2014_x86_64.manylinux_2_17_x86_64.manylinux_2_28_x86_64.whl.metadata (2.7 kB)
Collecting cffi>=1.17.0 (from brotlicffi->httpbin==0.10.2)
  Downloading cffi-2.1.1-cp313-cp313-manylinux2014_x86_64.manylinux_2_17_x86_64.whl.metadata (2.5 kB)
Collecting pycparser (from cffi>=1.17.0->brotlicffi->httpbin==0.10.2)
  Downloading pycparser-3.1-py3-none-any.whl.metadata (8.2 kB)
Collecting PyYAML>=3.0 (from flasgger->httpbin==0.10.2)
  Downloading pyyaml-6.0.3-cp313-cp313-manylinux2014_x86_64.manylinux_2_17_x86_64.manylinux_2_28_x86_64.whl.metadata (2.4 kB)
Collecting jsonschema>=3.0.1 (from flasgger->httpbin==0.10.2)
  Using cached jsonschema-4.26.0-py3-none-any.whl.metadata (7.6 kB)
Collecting mistune (from flasgger->httpbin==0.10.2)
  Downloading mistune-3.3.4-py3-none-any.whl.metadata (1.9 kB)
Collecting attrs>=22.2.0 (from jsonschema>=3.0.1->flasgger->httpbin==0.10.2)
  Using cached attrs-26.1.0-py3-none-any.whl.metadata (8.8 kB)
Collecting jsonschema-specifications>=2023.03.6 (from jsonschema>=3.0.1->flasgger->httpbin==0.10.2)
  Using cached jsonschema_specifications-2025.9.1-py3-none-any.whl.metadata (2.9 kB)
Collecting referencing>=0.28.4 (from jsonschema>=3.0.1->flasgger->httpbin==0.10.2)
  Using cached referencing-0.37.0-py3-none-any.whl.metadata (2.8 kB)
Collecting rpds-py>=0.25.0 (from jsonschema>=3.0.1->flasgger->httpbin==0.10.2)
  Downloading rpds_py-2026.9.1-cp313-cp313-manylinux_2_17_x86_64.manylinux2014_x86_64.whl.metadata (4.1 kB)
Downloading pytest_httpbin-2.1.0-py3-none-any.whl (8.3 kB)
Downloading httpbin-0.10.2-py2.py3-none-any.whl (100 kB)
Using cached pytest-9.1.1-py3-none-any.whl (386 kB)
Downloading flask-3.1.3-py3-none-any.whl (103 kB)
Downloading werkzeug-3.1.8-py3-none-any.whl (226 kB)
Using cached pluggy-1.6.0-py3-none-any.whl (20 kB)
Downloading blinker-1.9.0-py3-none-any.whl (8.5 kB)
Using cached click-8.5.0-py3-none-any.whl (125 kB)
Downloading greenlet-3.2.5-cp313-cp313-manylinux2014_x86_64.manylinux_2_17_x86_64.whl (655 kB)
   ━━━━━━━━━━━━━━━━━━━━━━━━━━━━━━━━━━━━━━━━ 655.8/655.8 kB 5.9 MB/s  0:00:00
Using cached iniconfig-2.3.1-py3-none-any.whl (7.6 kB)
Downloading itsdangerous-2.2.0-py3-none-any.whl (16 kB)
Using cached jinja2-3.1.6-py3-none-any.whl (134 kB)
Downloading markupsafe-3.0.4-cp313-cp313-manylinux2014_x86_64.manylinux_2_17_x86_64.manylinux_2_28_x86_64.whl (23 kB)
Using cached packaging-26.3-py3-none-any.whl (129 kB)
Using cached pygments-2.21.0-py3-none-any.whl (1.3 MB)
Downloading brotlicffi-1.2.0.2-cp39-abi3-manylinux2014_x86_64.manylinux_2_17_x86_64.manylinux_2_28_x86_64.whl (1.5 MB)
   ━━━━━━━━━━━━━━━━━━━━━━━━━━━━━━━━━━━━━━━━ 1.5/1.5 MB 16.2 MB/s  0:00:00
Downloading cffi-2.1.1-cp313-cp313-manylinux2014_x86_64.manylinux_2_17_x86_64.whl (221 kB)
Downloading decorator-5.3.1-py3-none-any.whl (10 kB)
Downloading flasgger-0.9.5-py2.py3-none-any.whl (3.8 MB)
   ━━━━━━━━━━━━━━━━━━━━━━━━━━━━━━━━━━━━━━━━ 3.8/3.8 MB 29.8 MB/s  0:00:00
Using cached jsonschema-4.26.0-py3-none-any.whl (90 kB)
Using cached attrs-26.1.0-py3-none-any.whl (67 kB)
Using cached jsonschema_specifications-2025.9.1-py3-none-any.whl (18 kB)
Downloading pyyaml-6.0.3-cp313-cp313-manylinux2014_x86_64.manylinux_2_17_x86_64.manylinux_2_28_x86_64.whl (801 kB)
   ━━━━━━━━━━━━━━━━━━━━━━━━━━━━━━━━━━━━━━━━ 801.6/801.6 kB 40.9 MB/s  0:00:00
Using cached referencing-0.37.0-py3-none-any.whl (26 kB)
Downloading rpds_py-2026.9.1-cp313-cp313-manylinux_2_17_x86_64.manylinux2014_x86_64.whl (370 kB)
Using cached six-1.17.0-py2.py3-none-any.whl (11 kB)
Downloading mistune-3.3.4-py3-none-any.whl (66 kB)
Downloading pycparser-3.1-py3-none-any.whl (48 kB)
Saved ./artifacts/official/p1-evaluator-http-wheels/pytest_httpbin-2.1.0-py3-none-any.whl
Saved ./artifacts/official/p1-evaluator-http-wheels/httpbin-0.10.2-py2.py3-none-any.whl
Saved ./artifacts/official/p1-evaluator-http-wheels/pytest-9.1.1-py3-none-any.whl
Saved ./artifacts/official/p1-evaluator-http-wheels/flask-3.1.3-py3-none-any.whl
Saved ./artifacts/official/p1-evaluator-http-wheels/werkzeug-3.1.8-py3-none-any.whl
Saved ./artifacts/official/p1-evaluator-http-wheels/pluggy-1.6.0-py3-none-any.whl
Saved ./artifacts/official/p1-evaluator-http-wheels/blinker-1.9.0-py3-none-any.whl
Saved ./artifacts/official/p1-evaluator-http-wheels/click-8.5.0-py3-none-any.whl
Saved ./artifacts/official/p1-evaluator-http-wheels/greenlet-3.2.5-cp313-cp313-manylinux2014_x86_64.manylinux_2_17_x86_64.whl
Saved ./artifacts/official/p1-evaluator-http-wheels/iniconfig-2.3.1-py3-none-any.whl
Saved ./artifacts/official/p1-evaluator-http-wheels/itsdangerous-2.2.0-py3-none-any.whl
Saved ./artifacts/official/p1-evaluator-http-wheels/jinja2-3.1.6-py3-none-any.whl
Saved ./artifacts/official/p1-evaluator-http-wheels/markupsafe-3.0.4-cp313-cp313-manylinux2014_x86_64.manylinux_2_17_x86_64.manylinux_2_28_x86_64.whl
Saved ./artifacts/official/p1-evaluator-http-wheels/packaging-26.3-py3-none-any.whl
Saved ./artifacts/official/p1-evaluator-http-wheels/pygments-2.21.0-py3-none-any.whl
Saved ./artifacts/official/p1-evaluator-http-wheels/brotlicffi-1.2.0.2-cp39-abi3-manylinux2014_x86_64.manylinux_2_17_x86_64.manylinux_2_28_x86_64.whl
Saved ./artifacts/official/p1-evaluator-http-wheels/cffi-2.1.1-cp313-cp313-manylinux2014_x86_64.manylinux_2_17_x86_64.whl
Saved ./artifacts/official/p1-evaluator-http-wheels/decorator-5.3.1-py3-none-any.whl
Saved ./artifacts/official/p1-evaluator-http-wheels/flasgger-0.9.5-py2.py3-none-any.whl
Saved ./artifacts/official/p1-evaluator-http-wheels/jsonschema-4.26.0-py3-none-any.whl
Saved ./artifacts/official/p1-evaluator-http-wheels/attrs-26.1.0-py3-none-any.whl
Saved ./artifacts/official/p1-evaluator-http-wheels/jsonschema_specifications-2025.9.1-py3-none-any.whl
Saved ./artifacts/official/p1-evaluator-http-wheels/pyyaml-6.0.3-cp313-cp313-manylinux2014_x86_64.manylinux_2_17_x86_64.manylinux_2_28_x86_64.whl
Saved ./artifacts/official/p1-evaluator-http-wheels/referencing-0.37.0-py3-none-any.whl
Saved ./artifacts/official/p1-evaluator-http-wheels/rpds_py-2026.9.1-cp313-cp313-manylinux_2_17_x86_64.manylinux2014_x86_64.whl
Saved ./artifacts/official/p1-evaluator-http-wheels/six-1.17.0-py2.py3-none-any.whl
Saved ./artifacts/official/p1-evaluator-http-wheels/mistune-3.3.4-py3-none-any.whl
Saved ./artifacts/official/p1-evaluator-http-wheels/pycparser-3.1-py3-none-any.whl
Successfully downloaded pytest-httpbin httpbin pytest flask werkzeug pluggy blinker click greenlet iniconfig itsdangerous jinja2 markupsafe packaging pygments brotlicffi cffi decorator flasgger jsonschema attrs jsonschema-specifications PyYAML referencing rpds-py six mistune pycparser

[notice] A new release of pip is available: 25.2 -> 26.2.1
[notice] To update, run: /Users/jiangshengbo/Desktop/ZenithSync-Gemma-4-Paper-Track/.venv/bin/python -m pip install --upgrade pip
