  [   0.0s] 📋 System Prompt: You are an autonomous software engineer working on
the supplied issue in the repository under /workspace. Produce a just...
  [   0.0s] 🎯 Task Prompt: You are evaluating a software engineering task for 
repository psf/requests.
  [   3.6s] 💭 (201 chars) "The goal is to enhance `super_len` to count encoded 
bytes for `str`.
I need to find where `super_len` is defined and how..."
  [   3.6s] 🔧 run_command grep -r "super_len" /workspace/src/requests
  [   3.7s]   → /workspace/src/requests/models.py:    super_len,
  [   5.0s] 💭 (193 chars) "`super_len` is defined in 
`/workspace/src/requests/utils.py` and used in 
`/workspace/src/requests/models.py`.

Let's exa..."
  [   5.0s] 📖 read_file (/workspace/src/requests/utils.py)
  [   5.1s]   ✓ {'status': 'ok', 'filepath': '/workspace/src/requests/utils.py',
'content': '"""\nrequests.utils\n~~~~~~~~~~~~~~\n\nThis…
  [   6.2s] 💭 (38 chars) "I need to see the rest of `super_len`."
  [   6.2s] 📖 read_file (/workspace/src/requests/utils.py)
  [   6.3s]   ✓ {'status': 'ok', 'filepath': '/workspace/src/requests/utils.py',
'content': '        else:\n            total_length = o…
  [  17.6s] 💭 (3305 chars) "The current implementation of `super_len` is:

```python
def super_len(o):
    total_length = None
    current_position ..."
  [  17.6s] 📖 read_file (/workspace/src/requests/models.py)
  [  17.7s]   ✓ {'status': 'ok', 'filepath': 
'/workspace/src/requests/models.py', 'content': 
'"""\nrequests.models\n~~~~~~~~~~~~~~~\n\nT…
  [  19.1s] 💭 (58 chars) "I need to find where `super_len` is called in 
`models.py`."
  [  19.1s] 🔧 run_command grep -n "super_len" /workspace/src/requests/models.py
  [  19.2s]   → 65:    super_len,
  [  20.3s] 💭 (46 chars) "Let's look at line 526 and 575 in `models.py`."
  [  20.3s] 📖 read_file (/workspace/src/requests/models.py)
  [  20.4s]   ✓ {'status': 'ok', 'filepath': 
'/workspace/src/requests/models.py', 'content': '                body = 
complexjson.dumps(j…
  [  24.0s] 💭 (726 chars) "In `prepare_content_length(self, body)`, 
`super_len(body)` is called.
If `body` is a `str`, `super_len` currently return..."
  [  24.0s] 🔧 run_command grep -n "prepare_content_length" 
/workspace/src/requests/models.py
  [  24.1s]   → 564:            self.prepare_content_length(body)
  [  25.7s] 💭 (126 chars) "Let's look at the context of line 564 and 608.

Line 564 is inside `prepare_body` (I'm guessing the method name). Let's ..."
  [  25.7s] 📖 read_file (/workspace/src/requests/models.py)
  [  25.8s]   ✓ {'status': 'ok', 'filepath': 
'/workspace/src/requests/models.py', 'content': '                    # a failed 
`tell()` la…
  [  26.8s] 💭 (13 chars) "And line 608."
  [  26.8s] 📖 read_file (/workspace/src/requests/models.py)
  [  26.9s]   ✓ {'status': 'ok', 'filepath': 
'/workspace/src/requests/models.py', 'content': '\n        if auth:\n           
if isinsta…
  [  31.8s] 💭 (963 chars) "If `body` is a `str`, `super_len(body)` returns 
`len(body)`.
If `body` contains non-ASCII characters, `len(body)` is les..."
  [  31.8s] 📖 read_file (/workspace/src/requests/compat.py)
  [  32.0s]   ✓ {'status': 'ok', 'filepath': 
'/workspace/src/requests/compat.py', 'content': 
'"""\nrequests.compat\n~~~~~~~~~~~~~~~\n\nT…
  [  42.5s] 💭 (1383 chars) "It seems `requests` is now mostly Python 3. `str` 
is `str`.

If I modify `super_len` in `utils.py`:

```python
def super..."
  [  42.5s] 📝 write_file (repro.py, 27 lines)
  [  42.8s]   ✓ {'status': 'ok', 'filepath': 'repro.py', 'size': 906}
  [  43.6s] 💭 (39 chars) "Now let's run this reproduction script."
  [  43.6s] 🔧 run_command python3 repro.py
  [  43.9s]   → error (exit 0): 
  [  50.6s] 💭 (455 chars) "Ah, `Request` object doesn't have `prepare_request`.
I should use `requests.Request` and then call `prepare()`.

Let's c..."
  [  50.6s] 📝 write_file (repro.py, 27 lines)
  [  50.9s]   ✓ {'status': 'ok', 'filepath': 'repro.py', 'size': 936}
  [  51.7s] 💭 (17 chars) "Now run it again."
  [  51.7s] 🔧 run_command python3 repro.py
  [  51.9s]   → ASCII body: hello, Content-Length: 5
  [  53.6s] 💭 (176 chars) "Wait, it passed?
`UTF-8 body: 🚀, Content-Length: 4`

Why did it pass?
Let's look at `Request.prepare()` in `models.py`.
..."
  [  53.6s] 🔧 run_command grep -n "def prepare" 
/workspace/src/requests/models.py
  [  53.7s]   → 295:    def prepare(self):
  [  54.9s] 💭 (43 chars) "Let's look at `Request.prepare` (line 295)."
  [  54.9s] 📖 read_file (/workspace/src/requests/models.py)
  [  55.0s]   ✓ {'status': 'ok', 'filepath': 
'/workspace/src/requests/models.py', 'content': '    def prepare(self):\n       
"""Constru…
  [  56.2s] 💭 (41 chars) "And `PreparedRequest.prepare` (line 351)."
  [  56.2s] 📖 read_file (/workspace/src/requests/models.py)
  [  56.3s]   ✓ {'status': 'ok', 'filepath': 
'/workspace/src/requests/models.py', 'content': '    def prepare(\n        
self,\n        m…
  [  57.9s] 💭 (30 chars) "And `prepare_body` (line 494)."
  [  57.9s] 📖 read_file (/workspace/src/requests/models.py)
  [  58.0s]   ✓ {'status': 'ok', 'filepath': 
'/workspace/src/requests/models.py', 'content': '    def prepare_body(self, 
data, files, js…
  [  69.4s] 💭 (40 chars) "And `prepare_content_length` (line 572)."
  [  69.4s] 📖 read_file (/workspace/src/requests/models.py)
  [  69.5s]   ✓ {'status': 'ok', 'filepath': 
'/workspace/src/requests/models.py', 'content': '    def 
prepare_content_length(self, body)…
  [  72.4s] 💭 (676 chars) "Wait, I see what's happening.

In `prepare_body`:
```python
        else:
            # Multi-part file uploads.
       ..."
  [  72.4s] 📖 read_file (/workspace/src/requests/models.py)
  [  72.5s]   ✓ {'status': 'ok', 'filepath': 
'/workspace/src/requests/models.py', 'content': '            
self.headers["Content-Length"]…
  [  73.9s] 💭 (42 chars) "I missed `_encode_params`. Let me find it."
  [  73.9s] 📖 read_file (/workspace/src/requests/models.py)
  [  74.0s]   ✓ {'status': 'ok', 'filepath': 
'/workspace/src/requests/models.py', 'content': '        "history",\n        
"encoding",\n …
  [  75.2s] 💭 (76 chars) "I'm looking for `_encode_params` in 
`PreparedRequest`. Let me search for it."
  [  75.2s] 🔧 run_command grep -n "_encode_params" 
/workspace/src/requests/models.py
  [  75.4s]   → 107:    def _encode_params(data):
  [  76.8s] 💭 (121 chars) "It's at line 107. Wait, it's a standalone function 
or a method? Line 107 is before `PreparedRequest` class. Let me check..."
  [  76.8s] 📖 read_file (/workspace/src/requests/models.py)
  [  76.9s]   ✓ {'status': 'ok', 'filepath': 
'/workspace/src/requests/models.py', 'content': '        if query:\n            
url.append(…
  [  78.2s] 💭 (80 chars) "Wait, `_encode_params` is a `@staticmethod` of some 
class. Let me see the class."
  [  78.2s] 📖 read_file (/workspace/src/requests/models.py)
  [  78.3s]   ✓ {'status': 'ok', 'filepath': 
'/workspace/src/requests/models.py', 'content': '\n        p = 
urlsplit(self.url)\n\n      …
  [  79.4s] 💭 (53 chars) "I need to see the class definition. Let me scroll 
up."
  [  79.4s] 📖 read_file (/workspace/src/requests/models.py)
  [  79.5s]   ✓ {'status': 'ok', 'filepath': 
'/workspace/src/requests/models.py', 'content': 'from .exceptions import 
MissingSchema\nfro…
  [  85.9s] 💭 (1717 chars) "Okay, `_encode_params` is a static method of 
`RequestEncodingMixin`.

```python
    @staticmethod
    def _encode_params..."
  [  85.9s] 📖 read_file (/workspace/src/requests/utils.py)
  [  86.0s]   ✓ {'status': 'ok', 'filepath': '/workspace/src/requests/utils.py',
'content': '"""\nrequests.utils\n~~~~~~~~~~~~~~\n\nThis…
  [  87.4s] 💭 (34 chars) "Let's see the rest of `super_len`."
  [  87.4s] 📖 read_file (/workspace/src/requests/utils.py)
  [  87.5s]   ✓ {'status': 'ok', 'filepath': '/workspace/src/requests/utils.py',
'content': '        else:\n            total_length = o…
  [  94.2s] 💭 (1056 chars) "Yes, `super_len` does:

```python
    if hasattr(o, "__len__"):
        total_length = len(o)
```

For a string, `len(o)..."
  [  94.2s] 🔧 run_command (11 lines) cat <<EOF > reproduce_issue.py
  [  94.5s]   → Content-Length: 4
  [ 100.5s] 💭 (1543 chars) "It IS `4`! Why?

I must have missed something. Let's look at `_encode_params` again.

```python
    @staticmethod
    de..."
  [ 100.5s] 🔧 run_command python3 -c "import requests; 
print(requests.__file__)"
  [ 100.8s]   → /usr/local/lib/python3.13/site-packages/requests/__init__.py
  [ 103.9s] 💭 (209 chars) "Aha! It's using the installed `requests` package, 
not the one in `/workspace/src/requests`.

I should be using the code ..."
  [ 103.9s] 🔧 run_command (14 lines) cat <<EOF > reproduce_issue.py
  [ 104.2s]   → Content-Length: 1
  [ 109.7s] 💭 (1114 chars) "YES! Now it's `1`. The issue is reproduced.

The `Content-Length` should be the number of bytes, not the number of chara..."
  [ 109.7s] 🔧 run_command grep -r "super_len" /workspace/src/requests
  [ 109.8s]   → /workspace/src/requests/models.py:    super_len,
  [ 116.6s] 💭 (1446 chars) "It's called in `models.py` in two places:
1. `prepare_body` for streamed bodies:
```python
        if is_stream:
       ..."
  [ 116.6s] 📖 read_file (/workspace/src/requests/compat.py)
  [ 116.7s]   ✓ {'status': 'ok', 'filepath': 
'/workspace/src/requests/compat.py', 'content': 
'"""\nrequests.compat\n~~~~~~~~~~~~~~~\n\nT…
  [ 122.4s] 💭 (779 chars) "In `compat.py`:
```python
builtin_str = str
str = str
bytes = bytes
basestring = (str, bytes)
```
So `str` is just the b..."
  [ 122.4s] ✏️ edit_file (/workspace/src/requests/utils.py)
  [ 122.7s]   ✓ {'status': 'ok', 'filepath': '/workspace/src/requests/utils.py',
'occurrences': 1, 'strategy': 'exact', 'diff': '--- a//…
  [ 123.6s] 💭 (44 chars) "Now let's run the reproduction script again."
  [ 123.6s] 🔧 run_command python3 reproduce_issue.py
  [ 123.9s]   → Content-Length: 4
  [ 133.1s] 💭 (157 chars) "The reproduction script now returns `Content-Length:
4`, which is correct for "🚀".

Now I should run the existing tests ..."
  [ 133.1s] 🔧 run_command pytest tests/
  [ 169.6s]   → error (exit 0): 
  [ 172.2s] 💭 (381 chars) "The tests are failing with a lot of errors, but they
seem to be related to the test environment (recursive dependency in..."
  [ 172.2s] 🔧 run_command pytest tests/test_utils.py
  [ 172.8s]   → error (exit 0): 
  [ 179.0s] 💭 (1290 chars) "The failures in `tests/test_utils.py` are in 
`test__parse_content_type_header`, which is unrelated to `super_len`.

I ha..."
  [ 179.0s] 🤖 submit_patch
  [ 179.2s]   → submit_patch: {"status": "ok", "patch_size": 2028, 
"files_changed": 3}
  [ 181.9s] 💭 (595 chars) "Wait, `files_changed: 3`? I only edited 
`src/requests/utils.py`.
Ah, I also created `reproduce_issue.py`. And maybe some..."
  [ 181.9s] 🔧 run_command git diff
  [ 182.0s]   → diff --git a/repro.py b/repro.py
  [ 183.4s] 💭 (131 chars) "I have `repro.py` and `reproduce_issue.py` in the 
diff. I should remove them before the final submission to keep the pat..."
  [ 183.4s] 🔧 run_command rm repro.py reproduce_issue.py
  [ 183.5s]   🔧 
  [ 184.1s] 💭 (34 chars) "Now I will submit the patch again."
  [ 184.1s] 🤖 submit_patch
  [ 184.3s]   → submit_patch: {"status": "ok", "patch_size": 439, 
"files_changed": 1}
