#0 building with "desktop-linux" instance using docker driver

#1 [internal] load build definition from Dockerfile.p1-http-compatibility
#1 transferring dockerfile: 764B done
#1 DONE 0.0s

#2 [internal] load metadata for docker.io/library/zenithsync-p1-http-parent:784c47f534d3
#2 DONE 0.0s

#3 [internal] load .dockerignore
#3 transferring context: 2B done
#3 DONE 0.0s

#4 [internal] load build context
#4 transferring context: 335.79kB done
#4 DONE 0.0s

#5 [1/3] FROM docker.io/library/zenithsync-p1-http-parent:784c47f534d3@sha256:784c47f534d350ffb732e058f5c5d02526e91469c7d03d5ece05496c8d6b6f29
#5 resolve docker.io/library/zenithsync-p1-http-parent:784c47f534d3@sha256:784c47f534d350ffb732e058f5c5d02526e91469c7d03d5ece05496c8d6b6f29 done
#5 DONE 0.0s

#6 [2/3] COPY . /tmp/compat/
#6 DONE 0.0s

#7 [3/3] RUN python -m pip install --no-index --no-deps --find-links=/tmp/compat --require-hashes -r /tmp/compat/compat.lock     && python -m pip check     && python -c 'import httpbin, pytest_httpbin.plugin; from werkzeug.wrappers import Response; from werkzeug.test import EnvironBuilder; r = Response(status=302, headers={"Location": "http://localhost:-1"}); assert r.get_wsgi_headers(EnvironBuilder().get_environ())["Location"] == "http://localhost:-1"'     && rm -rf /tmp/compat
#7 0.336 Looking in links: /tmp/compat
#7 0.342 Processing /tmp/compat/Werkzeug-2.2.3-py3-none-any.whl (from -r /tmp/compat/compat.lock (line 1))
#7 0.349 Processing /tmp/compat/Flask-2.2.5-py3-none-any.whl (from -r /tmp/compat/compat.lock (line 2))
#7 0.361 Installing collected packages: Werkzeug, Flask
#7 0.363   Attempting uninstall: Werkzeug
#7 0.366     Found existing installation: Werkzeug 3.1.8
#7 0.370     Uninstalling Werkzeug-3.1.8:
#7 0.388       Successfully uninstalled Werkzeug-3.1.8
#7 0.478   Attempting uninstall: Flask
#7 0.480     Found existing installation: Flask 3.1.3
#7 0.483     Uninstalling Flask-3.1.3:
#7 0.492       Successfully uninstalled Flask-3.1.3
#7 0.525 
#7 0.528 Successfully installed Flask-2.2.5 Werkzeug-2.2.3
#7 0.529 WARNING: Running pip as the 'root' user can result in broken permissions and conflicting behaviour with the system package manager, possibly rendering your system unusable. It is recommended to use a virtual environment instead: https://pip.pypa.io/warnings/venv. Use the --root-user-action option if you know what you are doing and want to suppress this warning.
#7 0.798 No broken requirements found.
#7 DONE 1.2s

#8 exporting to image
#8 exporting layers 0.1s done
#8 exporting manifest sha256:3d2da7c1795e2077a27ae3a05b25cec1be4afca0bf859245b0a9b9ce05824508 done
#8 exporting config sha256:d705082779f584282661ba76a6a0b6f1a68acd6cb677a211ec26d3fa62e86e92 done
#8 exporting attestation manifest sha256:fa9ccc941f06d2bb04a49127e1a6889eaa09439ab241169e2244baad71344bcc done
#8 exporting manifest list sha256:ae0770643ccfebb0a2a760d37c9994883c48bbad829aa8358ae4d8405bf052e0 done
#8 naming to docker.io/library/zenithsync-p1-http-compatibility:20261008 done
#8 DONE 0.1s

View build details: docker-desktop://dashboard/build/desktop-linux/desktop-linux/43lun7t4m4cpi3mgd6khjm5ys
