#0 building with "desktop-linux" instance using docker driver

#1 [internal] load build definition from Dockerfile
#1 transferring dockerfile: 369B done
#1 DONE 0.0s

#2 [internal] load metadata for docker.io/namanjain12/pyramid_final@sha256:774b701442e979fee2079c16653e5e5a7cfacc1edcdb3b6fe970005aa0c4306a
#2 ...

#3 [auth] namanjain12/pyramid_final:pull token for registry-1.docker.io
#3 DONE 0.0s

#2 [internal] load metadata for docker.io/namanjain12/pyramid_final@sha256:774b701442e979fee2079c16653e5e5a7cfacc1edcdb3b6fe970005aa0c4306a
#2 DONE 0.7s

#4 [internal] load .dockerignore
#4 transferring context: 2B done
#4 DONE 0.0s

#5 [internal] load build context
#5 transferring context: 8.42kB done
#5 DONE 0.0s

#6 [1/4] FROM docker.io/namanjain12/pyramid_final@sha256:774b701442e979fee2079c16653e5e5a7cfacc1edcdb3b6fe970005aa0c4306a
#6 resolve docker.io/namanjain12/pyramid_final@sha256:774b701442e979fee2079c16653e5e5a7cfacc1edcdb3b6fe970005aa0c4306a done
#6 DONE 0.1s

#7 [2/4] COPY source_snapshot.py config.json build_snapshot.py /tmp/
#7 DONE 0.0s

#8 [3/4] RUN PYTHONDONTWRITEBYTECODE=1 /usr/bin/python3 /tmp/build_snapshot.py && rm /tmp/source_snapshot.py /tmp/config.json /tmp/build_snapshot.py
#8 84.12 {"base_commit": "0ea23784ba4c8af4ac0ae1a2d8a23b959e6acfa6", "exact_tree_preserved": true, "known_oracles_removed": ["/r2e_tests", "/testbed/run_tests.sh"], "schema_version": 1, "scope": "Exact tracked tree and declared oracle paths only; broader image audit pending", "snapshot_commit": "510860469bb31c4e8d13420fc9a8c79232dcc408", "solution_commit_accessible": false, "source_tree": "9301a23c186704beb1abf73995867d9355b49bfb", "tracked_bytes": 6575784, "tracked_files": 1146, "tracked_manifest_sha256": "cc08753457981e21c47a9004effa7f113d9c90fdff9a3204cea2d5eb490b74ed", "training_approved": false}
#8 DONE 84.1s

#9 [4/4] WORKDIR /testbed
#9 DONE 0.0s

#10 exporting to image
#10 exporting layers 0.1s done
#10 exporting manifest sha256:4882fdb9965a29e4bbeefc89862f6ee6ea6478b0b5766ef7591fd0631f8565b7 done
#10 exporting config sha256:01348055aee029619508cac4221ed9df369a7d1713c69059c8de50b2332e9249 done
#10 exporting attestation manifest sha256:22fb6d1968eaea1d567cca21ba6eaa5acf79a7839a42e6b4b32a63ae42bbbed0 done
#10 exporting manifest list sha256:dff65bacca4e814b67a8b2965a99564100ed9bf6f1658ffb8080f0070a097db1 done
#10 naming to moby-dangling@sha256:dff65bacca4e814b67a8b2965a99564100ed9bf6f1658ffb8080f0070a097db1 done
#10 DONE 0.1s

View build details: docker-desktop://dashboard/build/desktop-linux/desktop-linux/ob6gfnukldbclsogdppucy2t5
