  [   0.0s] 📋 System Prompt: You are an autonomous software engineer working on
the supplied issue in the repository under /workspace. Produce a just...
  [   0.0s] 🎯 Task Prompt: You are evaluating a software engineering task for 
repository psf/requests.
  [   2.6s] 💭 (317 chars) "The user wants to enhance `super_len` to count 
encoded bytes for `str`.
I need to find where `super_len` is defined and ..."
  [   2.6s] 🔧 run_command grep -r "super_len" src/requests
  [   2.7s]   → src/requests/models.py:    super_len,
  [   3.8s] 💭 (160 chars) "`super_len` is defined in `src/requests/utils.py` 
and used in `src/requests/models.py`.

Let's examine the definition of..."
  [   3.8s] 📖 read_file (src/requests/utils.py)
  [   3.9s]   ✓ {'status': 'ok', 'filepath': 'src/requests/utils.py', 'content':
'"""\nrequests.utils\n~~~~~~~~~~~~~~\n\nThis module pro…
  [   5.0s] 💭 (38 chars) "I need to see the rest of `super_len`."
  [   5.0s] 📖 read_file (src/requests/utils.py)
  [   5.1s]   ✓ {'status': 'ok', 'filepath': 'src/requests/utils.py', 'content':
'"""\nrequests.utils\n~~~~~~~~~~~~~~\n\nThis module pro…
  [   7.2s] 💭 (280 chars) "I made a mistake in `read_file` call. I should have 
specified `start_line` and `end_line` correctly or just read from wh..."
  [   7.2s] 🔧 run_command grep -n "def super_len(o):" src/requests/utils.py
  [   7.3s]   → 133:def super_len(o):
  [   8.4s] 💭 (61 chars) "Okay, it starts at line 133. Let's read from line 133
to 200."
  [   8.4s] 📖 read_file (src/requests/utils.py)
  [   8.5s]   ✓ {'status': 'ok', 'filepath': 'src/requests/utils.py', 'content':
'def super_len(o):\n    total_length = None\n    curren…
  [  19.2s] 💭 (3145 chars) "The current implementation of `super_len` is:

```python
def super_len(o):
    total_length = None
    current_position ..."
  [  19.2s] 📖 read_file (src/requests/models.py)
  [  19.3s]   ✓ {'status': 'ok', 'filepath': 'src/requests/models.py', 
'content': '"""\nrequests.models\n~~~~~~~~~~~~~~~\n\nThis module …
  [  20.7s] 💭 (69 chars) "I need to find where `super_len` is used in 
`src/requests/models.py`."
  [  20.7s] 🔧 run_command grep -n "super_len" src/requests/models.py
  [  20.8s]   → 65:    super_len,
  [  22.0s] 💭 (59 chars) "Let's look at line 526 and 575 in 
`src/requests/models.py`."
  [  22.0s] 📖 read_file (src/requests/models.py)
  [  22.1s]   ✓ {'status': 'ok', 'filepath': 'src/requests/models.py', 
'content': '                body = body.encode("utf-8")\n\n      …
  [  23.1s] 💭 (13 chars) "And line 575."
  [  23.1s] 📖 read_file (src/requests/models.py)
  [  23.2s]   ✓ {'status': 'ok', 'filepath': 'src/requests/models.py', 
'content': '\n            # Add content-type if it wasn\'t explic…
  [  27.2s] 💭 (811 chars) "In `prepare_content_length`, `super_len(body)` is 
called. If `body` is a string, `super_len` currently returns `len(body..."
  [  27.2s] 📖 read_file (src/requests/models.py)
  [  27.3s]   ✓ {'status': 'ok', 'filepath': 'src/requests/models.py', 
'content': '            # urllib3 requires a bytes-like body. Pyt…
  [  29.0s] 💭 (235 chars) "It seems UTF-8 is used for JSON.

If `super_len` is called with a string, it should probably encode it to UTF-8 
and retu..."
  [  29.0s] 📖 read_file (src/requests/compat.py)
  [  29.1s]   ✓ {'status': 'ok', 'filepath': 'src/requests/compat.py', 
'content': '"""\nrequests.compat\n~~~~~~~~~~~~~~~\n\nThis module …
  [  39.7s] 💭 (1875 chars) "In Python 3, `basestring` is `(str, bytes)`.

If `super_len` is called with a `str`, it should be encoded.

Let's see ho..."
  [  39.7s] 📝 write_file (repro_super_len.py, 12 lines)
  [  40.0s]   ✓ {'status': 'ok', 'filepath': 'repro_super_len.py', 'size': 353}
  [  40.8s] 💭 (11 chars) "Now run it."
  [  40.8s] 🔧 run_command python3 repro_super_len.py
  [  41.2s]   → len('hello'): 5, super_len('hello'): 5
  [  44.6s] 💭 (552 chars) "Wait, it says `super_len('你好'): 6`.

Wait, what?

```
len('你好'): 2, super_len('你好'): 6
```

Let me re-read the output.

..."
  [  44.6s] 🔧 run_command python3 --version
  [  44.7s]   → Python 3.13.16
  [  51.1s] 💭 (1197 chars) "In Python 3.13, `len("你好")` is definitely 2.

Why did `super_len("你好")` return 6?

Let me check `src/requests/utils.py` ..."
  [  51.1s] 🔧 run_command python3 repro_super_len.py
  [  51.4s]   → len('hello'): 5, super_len('hello'): 5
  [  55.1s] 💭 (172 chars) "This is extremely weird.

Let me check if `requests.utils.super_len` is actually what I think it is.

Maybe I should pri..."
  [  55.1s] 📝 write_file (repro_super_len.py, 16 lines)
  [  55.4s]   ✓ {'status': 'ok', 'filepath': 'repro_super_len.py', 'size': 479}
  [  56.2s] 💭 (13 chars) "Run it again."
  [  56.2s] 🔧 run_command python3 repro_super_len.py
  [  56.4s]   → len('hello'): 5, super_len('hello'): 5
  [  61.5s] 💭 (879 chars) "Wait! The source code returned by 
`inspect.getsource` is DIFFERENT from what I saw when I used `read_file` on 
`src/reque..."
  [  61.5s] 📖 read_file (src/requests/utils.py)
  [  61.6s]   ✓ {'status': 'ok', 'filepath': 'src/requests/utils.py', 'content':
'    return d\n\n\ndef super_len(o):\n    total_length …
  [  63.8s] 💭 (355 chars) "The `read_file` output definitely does NOT have the 
`isinstance(o, str)` check.

But `inspect.getsource` DOES.

This mea..."
  [  63.8s] 🔧 run_command python3 -c "import requests; 
print(requests.__file__)"
  [  64.1s]   → /usr/local/lib/python3.13/site-packages/requests/__init__.py
  [  77.5s] 💭 (272 chars) "Aha! It's loading from site-packages, not from the 
local source code in `/workspace/src/requests`.

I need to make sure ..."
  [  77.5s] 🔧 run_command PYTHONPATH=/workspace/src python3 repro_super_len.py
  [  77.8s]   → len('hello'): 5, super_len('hello'): 5
  [  81.3s] 💭 (689 chars) "Now it's correct! `super_len('你好')` returns 2, 
which is the number of characters, not the number of bytes (which should ..."
  [  81.3s] 📖 read_file (src/requests/utils.py)
  [  81.5s]   ✓ {'status': 'ok', 'filepath': 'src/requests/utils.py', 'content':
'"""\nrequests.utils\n~~~~~~~~~~~~~~\n\nThis module pro…
  [  82.9s] 💭 (90 chars) "I don't see `is_urllib3_1` in the first 130 lines. 
Let me search for it in the whole file."
  [  82.9s] 🔧 run_command grep "is_urllib3_1" src/requests/utils.py
  [  83.0s]   → error (exit 0): 
  [  86.0s] 💭 (598 chars) "It's not in `src/requests/utils.py`.

Wait, if it's not in `src/requests/utils.py`, where did it come from in the 
`inspe..."
  [  86.0s] 🔧 run_command grep -r "is_urllib3_1" .
  [  86.1s]   → error (exit 0): 
  [  89.0s] 💭 (602 chars) "It's not in the repository.

So the installed version of `requests` is newer than the one in `/workspace`.

The issue is..."
  [  89.0s] 📖 read_file (src/requests/compat.py)
  [  89.1s]   ✓ {'status': 'ok', 'filepath': 'src/requests/compat.py', 
'content': '"""\nrequests.compat\n~~~~~~~~~~~~~~~\n\nThis module …
  [  96.1s] 💭 (1156 chars) "In `src/requests/compat.py`:
```python
builtin_str = str
str = str
bytes = bytes
basestring = (str, bytes)
```
So `str` ..."
  [  96.1s] ✏️ edit_file (src/requests/utils.py)
  [  96.4s]   ✓ {'status': 'ok', 'filepath': 'src/requests/utils.py', 
'occurrences': 1, 'strategy': 'exact', 'diff': '--- a/src/requests…
  [  97.4s] 💭 (55 chars) "Now let's run the repro script again to verify the 
fix."
  [  97.4s] 🔧 run_command PYTHONPATH=/workspace/src python3 repro_super_len.py
  [  97.7s]   → len('hello'): 5, super_len('hello'): 5
  [  99.4s] 💭 (243 chars) "The repro script now shows:
`len('你好'): 2, super_len('你好'): 6`
This is correct!

Now I should check if there are any oth..."
  [  99.4s] 🔧 run_command grep -r "super_len" tests/
  [  99.6s]   → tests/test_utils.py:    super_len,
  [ 100.6s] 💭 (32 chars) "Let's run `tests/test_utils.py`."
  [ 100.6s] 🔧 run_command PYTHONPATH=/workspace/src pytest tests/test_utils.py
  [ 101.3s]   → ============================= test session starts 
==============================
  [ 111.7s] 💭 (1204 chars) "All tests in `tests/test_utils.py` passed.

I'm confident in the fix.

One last check: should I use `utf-8` or something..."
  [ 111.7s] ✅ Agent finished: The `super_len` function in 
`src/requests/utils.py` was incorrectly calculating the length of string objects
by using `len(o)`, which in Python 3 returns the number of characters rather 
than the numbe...
  [ 111.7s] 🎯 Task Prompt: Please continue your work using the available tools,
or call submit_patch when you have completed and verified your chan...
  [ 115.7s] 💭 (586 chars) "The user wants me to submit the patch. I have 
already implemented the fix and verified it with a reproduction script and..."
  [ 115.7s] 🤖 submit_patch
  [ 115.9s]   → submit_patch: {"status": "ok", "patch_size": 1013, 
"files_changed": 2}
  [ 119.5s] 💭 (891 chars) "The `submit_patch` tool returned `files_changed: 2`.
I only edited `src/requests/utils.py`. Wait, I also created `repro_..."
  [ 119.5s] 🔧 run_command rm repro_super_len.py
  [ 119.6s]   🔧 
  [ 120.2s] 💭 (34 chars) "Now I will submit the patch again."
  [ 120.2s] 🤖 submit_patch
  [ 120.4s]   → submit_patch: {"status": "ok", "patch_size": 363, 
"files_changed": 1}
  [ 124.3s] 💭 (75 chars) "Now it says `files_changed: 1`, which is correct 
(`src/requests/utils.py`)."
  [ 124.3s] ✅ Agent finished: The `super_len` function in 
`src/requests/utils.py` was incorrectly calculating the length of string objects
by using `len(o)`, which in Python 3 returns the number of characters rather 
than the numbe...
